// Vitest Snapshot v1, https://vitest.dev/guide/snapshot.html

exports[`Text > test snapshot of primary text component 1`] = `
<div
  class="h-8"
>
  <!--v-if-->
  <span
    class="block text-[10px] leading-2.5 text-[#00000099]"
  >
    Position
  </span>
  <div
    class="text-xs mt-1"
    style="color: rgb(3, 169, 244);"
  >
    This is description
  </div>
</div>
`;

exports[`Text > test snapshot of secondary text component 1`] = `
<div
  class="h-8 flex items-center"
>
  <div
    class="p-1.5 align-middle flex items-center"
  >
    <i
      class="default-icon block leading-[18px] h-4 w-4 text-center  text-[#0000001a] dx-icon dx-icon-tel"
    />
  </div>
  <!--v-if-->
  <div
    class="text-xs py-[9px] leading-[14px] px-3"
    style="color: rgb(0, 0, 0);"
  >
    sample5@gmail.com
  </div>
</div>
`;
